// Jest Snapshot v1, https://goo.gl/fbAQLP

exports[`class Board Board.getBoardState() can get a board state 1`] = `
{
  "E1": {
    "cardDisplay": "??",
    "name": "E1",
    "owner": null,
    "price": 100,
    "revealed": false,
    "scored": false,
    "type": "PROPERTY",
  },
  "E2": {
    "cardDisplay": "??",
    "name": "E2",
    "owner": null,
    "price": 200,
    "revealed": false,
    "scored": false,
    "type": "PROPERTY",
  },
  "E3": {
    "cardDisplay": "??",
    "name": "E3",
    "owner": null,
    "price": 300,
    "revealed": false,
    "scored": false,
    "type": "PROPERTY",
  },
  "E4": {
    "cardDisplay": "??",
    "name": "E4",
    "owner": null,
    "price": 400,
    "revealed": false,
    "scored": false,
    "type": "PROPERTY",
  },
  "E5": {
    "cardDisplay": "??",
    "name": "E5",
    "owner": null,
    "price": 500,
    "revealed": false,
    "scored": false,
    "type": "PROPERTY",
  },
  "E6": {
    "cardDisplay": "??",
    "name": "E6",
    "owner": null,
    "price": 600,
    "revealed": false,
    "scored": false,
    "type": "PROPERTY",
  },
  "E7": {
    "cardDisplay": "??",
    "name": "E7",
    "owner": null,
    "price": 700,
    "revealed": false,
    "scored": false,
    "type": "PROPERTY",
  },
  "N1": {
    "cardDisplay": "??",
    "name": "N1",
    "owner": null,
    "price": 100,
    "revealed": false,
    "scored": false,
    "type": "PROPERTY",
  },
  "N2": {
    "cardDisplay": "??",
    "name": "N2",
    "owner": null,
    "price": 200,
    "revealed": false,
    "scored": false,
    "type": "PROPERTY",
  },
  "N3": {
    "cardDisplay": "??",
    "name": "N3",
    "owner": null,
    "price": 300,
    "revealed": false,
    "scored": false,
    "type": "PROPERTY",
  },
  "N4": {
    "cardDisplay": "??",
    "name": "N4",
    "owner": null,
    "price": 400,
    "revealed": false,
    "scored": false,
    "type": "PROPERTY",
  },
  "N5": {
    "cardDisplay": "??",
    "name": "N5",
    "owner": null,
    "price": 500,
    "revealed": false,
    "scored": false,
    "type": "PROPERTY",
  },
  "N6": {
    "cardDisplay": "??",
    "name": "N6",
    "owner": null,
    "price": 600,
    "revealed": false,
    "scored": false,
    "type": "PROPERTY",
  },
  "N7": {
    "cardDisplay": "??",
    "name": "N7",
    "owner": null,
    "price": 700,
    "revealed": false,
    "scored": false,
    "type": "PROPERTY",
  },
  "S1": {
    "cardDisplay": "??",
    "name": "S1",
    "owner": null,
    "price": 100,
    "revealed": false,
    "scored": false,
    "type": "PROPERTY",
  },
  "S2": {
    "cardDisplay": "??",
    "name": "S2",
    "owner": null,
    "price": 200,
    "revealed": false,
    "scored": false,
    "type": "PROPERTY",
  },
  "S3": {
    "cardDisplay": "??",
    "name": "S3",
    "owner": null,
    "price": 300,
    "revealed": false,
    "scored": false,
    "type": "PROPERTY",
  },
  "S4": {
    "cardDisplay": "??",
    "name": "S4",
    "owner": null,
    "price": 400,
    "revealed": false,
    "scored": false,
    "type": "PROPERTY",
  },
  "S5": {
    "cardDisplay": "??",
    "name": "S5",
    "owner": null,
    "price": 500,
    "revealed": false,
    "scored": false,
    "type": "PROPERTY",
  },
  "S6": {
    "cardDisplay": "??",
    "name": "S6",
    "owner": null,
    "price": 600,
    "revealed": false,
    "scored": false,
    "type": "PROPERTY",
  },
  "S7": {
    "cardDisplay": "??",
    "name": "S7",
    "owner": null,
    "price": 700,
    "revealed": false,
    "scored": false,
    "type": "PROPERTY",
  },
  "W1": {
    "cardDisplay": "??",
    "name": "W1",
    "owner": null,
    "price": 100,
    "revealed": false,
    "scored": false,
    "type": "PROPERTY",
  },
  "W2": {
    "cardDisplay": "??",
    "name": "W2",
    "owner": null,
    "price": 200,
    "revealed": false,
    "scored": false,
    "type": "PROPERTY",
  },
  "W3": {
    "cardDisplay": "??",
    "name": "W3",
    "owner": null,
    "price": 300,
    "revealed": false,
    "scored": false,
    "type": "PROPERTY",
  },
  "W4": {
    "cardDisplay": "??",
    "name": "W4",
    "owner": null,
    "price": 400,
    "revealed": false,
    "scored": false,
    "type": "PROPERTY",
  },
  "W5": {
    "cardDisplay": "??",
    "name": "W5",
    "owner": null,
    "price": 500,
    "revealed": false,
    "scored": false,
    "type": "PROPERTY",
  },
  "W6": {
    "cardDisplay": "??",
    "name": "W6",
    "owner": null,
    "price": 600,
    "revealed": false,
    "scored": false,
    "type": "PROPERTY",
  },
  "W7": {
    "cardDisplay": "??",
    "name": "W7",
    "owner": null,
    "price": 700,
    "revealed": false,
    "scored": false,
    "type": "PROPERTY",
  },
}
`;

exports[`class Board constructor() generates a neighborhood 1`] = `
{
  "deck": Deck {
    "cards": [
      Card {
        "rank": 10,
        "suit": "c",
      },
      Card {
        "rank": 11,
        "suit": "d",
      },
      Card {
        "rank": 7,
        "suit": "c",
      },
      Card {
        "rank": 9,
        "suit": "h",
      },
      Card {
        "rank": 3,
        "suit": "s",
      },
      Card {
        "rank": 6,
        "suit": "s",
      },
      Card {
        "rank": 14,
        "suit": "s",
      },
      Card {
        "rank": 5,
        "suit": "s",
      },
      Card {
        "rank": 13,
        "suit": "d",
      },
      Card {
        "rank": 9,
        "suit": "d",
      },
      Card {
        "rank": 5,
        "suit": "c",
      },
      Card {
        "rank": 13,
        "suit": "h",
      },
      Card {
        "rank": 7,
        "suit": "d",
      },
      Card {
        "rank": 4,
        "suit": "d",
      },
      Card {
        "rank": 10,
        "suit": "h",
      },
      Card {
        "rank": 14,
        "suit": "h",
      },
      Card {
        "rank": 8,
        "suit": "h",
      },
      Card {
        "rank": 6,
        "suit": "d",
      },
      Card {
        "rank": 11,
        "suit": "s",
      },
      Card {
        "rank": 13,
        "suit": "s",
      },
      Card {
        "rank": 14,
        "suit": "c",
      },
      Card {
        "rank": 4,
        "suit": "c",
      },
      Card {
        "rank": 2,
        "suit": "d",
      },
      Card {
        "rank": 3,
        "suit": "c",
      },
      Card {
        "rank": 13,
        "suit": "c",
      },
      Card {
        "rank": 8,
        "suit": "d",
      },
      Card {
        "rank": 2,
        "suit": "h",
      },
      Card {
        "rank": 10,
        "suit": "d",
      },
      Card {
        "rank": 12,
        "suit": "h",
      },
      Card {
        "rank": 8,
        "suit": "s",
      },
      Card {
        "rank": 12,
        "suit": "c",
      },
      Card {
        "rank": 4,
        "suit": "s",
      },
      Card {
        "rank": 3,
        "suit": "h",
      },
      Card {
        "rank": 12,
        "suit": "d",
      },
      Card {
        "rank": 3,
        "suit": "d",
      },
      Card {
        "rank": 2,
        "suit": "c",
      },
      Card {
        "rank": 5,
        "suit": "h",
      },
      Card {
        "rank": 9,
        "suit": "c",
      },
      Card {
        "rank": 8,
        "suit": "c",
      },
      Card {
        "rank": 6,
        "suit": "c",
      },
      Card {
        "rank": 10,
        "suit": "s",
      },
      Card {
        "rank": 14,
        "suit": "d",
      },
      Card {
        "rank": 7,
        "suit": "s",
      },
      Card {
        "rank": 2,
        "suit": "s",
      },
      Card {
        "rank": 12,
        "suit": "s",
      },
      Card {
        "rank": 11,
        "suit": "h",
      },
      Card {
        "rank": 11,
        "suit": "c",
      },
      Card {
        "rank": 5,
        "suit": "d",
      },
      Card {
        "rank": 6,
        "suit": "h",
      },
      Card {
        "rank": 4,
        "suit": "h",
      },
      Card {
        "rank": 9,
        "suit": "s",
      },
      Card {
        "rank": 7,
        "suit": "h",
      },
    ],
    "cursor": 28,
    "dealCard": [Function],
    "dealCards": [Function],
    "length": 52,
    "rng": [Function],
    "seed": "seventhst test",
  },
  "neighborhood": {
    "E0": Property {
      "card": null,
      "getState": [Function],
      "name": "E0",
      "owner": null,
      "price": 0,
      "revealToPlayer": [Function],
      "revealed": false,
      "scored": false,
      "setOwner": [Function],
      "type": "ACTION",
      "visibleToThesePlayers": Set {},
    },
    "E1": Property {
      "card": Card {
        "rank": 5,
        "suit": "s",
      },
      "getState": [Function],
      "name": "E1",
      "owner": null,
      "price": 100,
      "revealToPlayer": [Function],
      "revealed": false,
      "scored": false,
      "setOwner": [Function],
      "type": "PROPERTY",
      "visibleToThesePlayers": Set {},
    },
    "E2": Property {
      "card": Card {
        "rank": 13,
        "suit": "d",
      },
      "getState": [Function],
      "name": "E2",
      "owner": null,
      "price": 200,
      "revealToPlayer": [Function],
      "revealed": false,
      "scored": false,
      "setOwner": [Function],
      "type": "PROPERTY",
      "visibleToThesePlayers": Set {},
    },
    "E3": Property {
      "card": Card {
        "rank": 9,
        "suit": "d",
      },
      "getState": [Function],
      "name": "E3",
      "owner": null,
      "price": 300,
      "revealToPlayer": [Function],
      "revealed": false,
      "scored": false,
      "setOwner": [Function],
      "type": "PROPERTY",
      "visibleToThesePlayers": Set {},
    },
    "E4": Property {
      "card": Card {
        "rank": 5,
        "suit": "c",
      },
      "getState": [Function],
      "name": "E4",
      "owner": null,
      "price": 400,
      "revealToPlayer": [Function],
      "revealed": false,
      "scored": false,
      "setOwner": [Function],
      "type": "PROPERTY",
      "visibleToThesePlayers": Set {},
    },
    "E5": Property {
      "card": Card {
        "rank": 13,
        "suit": "h",
      },
      "getState": [Function],
      "name": "E5",
      "owner": null,
      "price": 500,
      "revealToPlayer": [Function],
      "revealed": false,
      "scored": false,
      "setOwner": [Function],
      "type": "PROPERTY",
      "visibleToThesePlayers": Set {},
    },
    "E6": Property {
      "card": Card {
        "rank": 7,
        "suit": "d",
      },
      "getState": [Function],
      "name": "E6",
      "owner": null,
      "price": 600,
      "revealToPlayer": [Function],
      "revealed": false,
      "scored": false,
      "setOwner": [Function],
      "type": "PROPERTY",
      "visibleToThesePlayers": Set {},
    },
    "E7": Property {
      "card": Card {
        "rank": 4,
        "suit": "d",
      },
      "getState": [Function],
      "name": "E7",
      "owner": null,
      "price": 700,
      "revealToPlayer": [Function],
      "revealed": false,
      "scored": false,
      "setOwner": [Function],
      "type": "PROPERTY",
      "visibleToThesePlayers": Set {},
    },
    "N0": Property {
      "card": null,
      "getState": [Function],
      "name": "N0",
      "owner": null,
      "price": 0,
      "revealToPlayer": [Function],
      "revealed": false,
      "scored": false,
      "setOwner": [Function],
      "type": "ACTION",
      "visibleToThesePlayers": Set {},
    },
    "N1": Property {
      "card": Card {
        "rank": 10,
        "suit": "c",
      },
      "getState": [Function],
      "name": "N1",
      "owner": null,
      "price": 100,
      "revealToPlayer": [Function],
      "revealed": false,
      "scored": false,
      "setOwner": [Function],
      "type": "PROPERTY",
      "visibleToThesePlayers": Set {},
    },
    "N2": Property {
      "card": Card {
        "rank": 11,
        "suit": "d",
      },
      "getState": [Function],
      "name": "N2",
      "owner": null,
      "price": 200,
      "revealToPlayer": [Function],
      "revealed": false,
      "scored": false,
      "setOwner": [Function],
      "type": "PROPERTY",
      "visibleToThesePlayers": Set {},
    },
    "N3": Property {
      "card": Card {
        "rank": 7,
        "suit": "c",
      },
      "getState": [Function],
      "name": "N3",
      "owner": null,
      "price": 300,
      "revealToPlayer": [Function],
      "revealed": false,
      "scored": false,
      "setOwner": [Function],
      "type": "PROPERTY",
      "visibleToThesePlayers": Set {},
    },
    "N4": Property {
      "card": Card {
        "rank": 9,
        "suit": "h",
      },
      "getState": [Function],
      "name": "N4",
      "owner": null,
      "price": 400,
      "revealToPlayer": [Function],
      "revealed": false,
      "scored": false,
      "setOwner": [Function],
      "type": "PROPERTY",
      "visibleToThesePlayers": Set {},
    },
    "N5": Property {
      "card": Card {
        "rank": 3,
        "suit": "s",
      },
      "getState": [Function],
      "name": "N5",
      "owner": null,
      "price": 500,
      "revealToPlayer": [Function],
      "revealed": false,
      "scored": false,
      "setOwner": [Function],
      "type": "PROPERTY",
      "visibleToThesePlayers": Set {},
    },
    "N6": Property {
      "card": Card {
        "rank": 6,
        "suit": "s",
      },
      "getState": [Function],
      "name": "N6",
      "owner": null,
      "price": 600,
      "revealToPlayer": [Function],
      "revealed": false,
      "scored": false,
      "setOwner": [Function],
      "type": "PROPERTY",
      "visibleToThesePlayers": Set {},
    },
    "N7": Property {
      "card": Card {
        "rank": 14,
        "suit": "s",
      },
      "getState": [Function],
      "name": "N7",
      "owner": null,
      "price": 700,
      "revealToPlayer": [Function],
      "revealed": false,
      "scored": false,
      "setOwner": [Function],
      "type": "PROPERTY",
      "visibleToThesePlayers": Set {},
    },
    "S0": Property {
      "card": null,
      "getState": [Function],
      "name": "S0",
      "owner": null,
      "price": 0,
      "revealToPlayer": [Function],
      "revealed": false,
      "scored": false,
      "setOwner": [Function],
      "type": "ACTION",
      "visibleToThesePlayers": Set {},
    },
    "S1": Property {
      "card": Card {
        "rank": 10,
        "suit": "h",
      },
      "getState": [Function],
      "name": "S1",
      "owner": null,
      "price": 100,
      "revealToPlayer": [Function],
      "revealed": false,
      "scored": false,
      "setOwner": [Function],
      "type": "PROPERTY",
      "visibleToThesePlayers": Set {},
    },
    "S2": Property {
      "card": Card {
        "rank": 14,
        "suit": "h",
      },
      "getState": [Function],
      "name": "S2",
      "owner": null,
      "price": 200,
      "revealToPlayer": [Function],
      "revealed": false,
      "scored": false,
      "setOwner": [Function],
      "type": "PROPERTY",
      "visibleToThesePlayers": Set {},
    },
    "S3": Property {
      "card": Card {
        "rank": 8,
        "suit": "h",
      },
      "getState": [Function],
      "name": "S3",
      "owner": null,
      "price": 300,
      "revealToPlayer": [Function],
      "revealed": false,
      "scored": false,
      "setOwner": [Function],
      "type": "PROPERTY",
      "visibleToThesePlayers": Set {},
    },
    "S4": Property {
      "card": Card {
        "rank": 6,
        "suit": "d",
      },
      "getState": [Function],
      "name": "S4",
      "owner": null,
      "price": 400,
      "revealToPlayer": [Function],
      "revealed": false,
      "scored": false,
      "setOwner": [Function],
      "type": "PROPERTY",
      "visibleToThesePlayers": Set {},
    },
    "S5": Property {
      "card": Card {
        "rank": 11,
        "suit": "s",
      },
      "getState": [Function],
      "name": "S5",
      "owner": null,
      "price": 500,
      "revealToPlayer": [Function],
      "revealed": false,
      "scored": false,
      "setOwner": [Function],
      "type": "PROPERTY",
      "visibleToThesePlayers": Set {},
    },
    "S6": Property {
      "card": Card {
        "rank": 13,
        "suit": "s",
      },
      "getState": [Function],
      "name": "S6",
      "owner": null,
      "price": 600,
      "revealToPlayer": [Function],
      "revealed": false,
      "scored": false,
      "setOwner": [Function],
      "type": "PROPERTY",
      "visibleToThesePlayers": Set {},
    },
    "S7": Property {
      "card": Card {
        "rank": 14,
        "suit": "c",
      },
      "getState": [Function],
      "name": "S7",
      "owner": null,
      "price": 700,
      "revealToPlayer": [Function],
      "revealed": false,
      "scored": false,
      "setOwner": [Function],
      "type": "PROPERTY",
      "visibleToThesePlayers": Set {},
    },
    "W0": Property {
      "card": null,
      "getState": [Function],
      "name": "W0",
      "owner": null,
      "price": 0,
      "revealToPlayer": [Function],
      "revealed": false,
      "scored": false,
      "setOwner": [Function],
      "type": "ACTION",
      "visibleToThesePlayers": Set {},
    },
    "W1": Property {
      "card": Card {
        "rank": 4,
        "suit": "c",
      },
      "getState": [Function],
      "name": "W1",
      "owner": null,
      "price": 100,
      "revealToPlayer": [Function],
      "revealed": false,
      "scored": false,
      "setOwner": [Function],
      "type": "PROPERTY",
      "visibleToThesePlayers": Set {},
    },
    "W2": Property {
      "card": Card {
        "rank": 2,
        "suit": "d",
      },
      "getState": [Function],
      "name": "W2",
      "owner": null,
      "price": 200,
      "revealToPlayer": [Function],
      "revealed": false,
      "scored": false,
      "setOwner": [Function],
      "type": "PROPERTY",
      "visibleToThesePlayers": Set {},
    },
    "W3": Property {
      "card": Card {
        "rank": 3,
        "suit": "c",
      },
      "getState": [Function],
      "name": "W3",
      "owner": null,
      "price": 300,
      "revealToPlayer": [Function],
      "revealed": false,
      "scored": false,
      "setOwner": [Function],
      "type": "PROPERTY",
      "visibleToThesePlayers": Set {},
    },
    "W4": Property {
      "card": Card {
        "rank": 13,
        "suit": "c",
      },
      "getState": [Function],
      "name": "W4",
      "owner": null,
      "price": 400,
      "revealToPlayer": [Function],
      "revealed": false,
      "scored": false,
      "setOwner": [Function],
      "type": "PROPERTY",
      "visibleToThesePlayers": Set {},
    },
    "W5": Property {
      "card": Card {
        "rank": 8,
        "suit": "d",
      },
      "getState": [Function],
      "name": "W5",
      "owner": null,
      "price": 500,
      "revealToPlayer": [Function],
      "revealed": false,
      "scored": false,
      "setOwner": [Function],
      "type": "PROPERTY",
      "visibleToThesePlayers": Set {},
    },
    "W6": Property {
      "card": Card {
        "rank": 2,
        "suit": "h",
      },
      "getState": [Function],
      "name": "W6",
      "owner": null,
      "price": 600,
      "revealToPlayer": [Function],
      "revealed": false,
      "scored": false,
      "setOwner": [Function],
      "type": "PROPERTY",
      "visibleToThesePlayers": Set {},
    },
    "W7": Property {
      "card": Card {
        "rank": 10,
        "suit": "d",
      },
      "getState": [Function],
      "name": "W7",
      "owner": null,
      "price": 700,
      "revealToPlayer": [Function],
      "revealed": false,
      "scored": false,
      "setOwner": [Function],
      "type": "PROPERTY",
      "visibleToThesePlayers": Set {},
    },
  },
}
`;
